// Jest Snapshot v1, https://goo.gl/fbAQLP

exports[`Testing <Customization/> Component has rendered correctly 1`] = `
<section
  className="customization"
>
  <div
    className="customization__block"
  >
    <button
      className="customizer_btn"
      onClick={[Function]}
    >
      show
    </button>
    <form
      className="customization__form"
    >
      <div
        className="customization__form_item banner_sizes"
      >
        <h2
          className="customization__form_label"
        >
          Banner size
        </h2>
        <div
          className="customization__form_inputs"
        >
          <span>
            X:
          </span>
          <input
            className="customization__form_text"
            onChange={[Function]}
            type="text"
            value="282"
          />
          <span>
            Y:
          </span>
          <input
            className="customization__form_text"
            onChange={[Function]}
            type="text"
            value="376"
          />
        </div>
      </div>
      <div
        className="customization__form_item background"
      >
        <h2
          className="customization__form_label"
        >
          Background
        </h2>
        <div
          className="customization__form_inputs"
        >
          <input
            className="customization__form_color"
            onInput={[Function]}
            type="color"
            value="#000000"
          />
          <input
            className="customization__form_text"
            onChange={[Function]}
            type="text"
            value="#000000"
          />
        </div>
      </div>
      <div
        className="customization__form_item font_color"
      >
        <h2
          className="customization__form_label"
        >
          Font color
        </h2>
        <div
          className="customization__form_inputs"
        >
          <input
            className="customization__form_color"
            onInput={[Function]}
            type="color"
            value="#ffffff"
          />
          <input
            className="customization__form_text"
            onChange={[Function]}
            type="text"
            value="#ffffff"
          />
        </div>
      </div>
      <div
        className="customization__form_item font_size"
      >
        <h2
          className="customization__form_label"
        >
          Font size
        </h2>
        <div
          className="customization__form_inputs"
        >
          <input
            className="customization__form_text"
            onChange={[Function]}
            type="text"
            value="44"
          />
        </div>
      </div>
      <div
        className="customization__form_item imgURL"
      >
        <h2
          className="customization__form_label"
        >
          Enter img link or URI
        </h2>
        <div
          className="customization__form_inputs"
        >
          <input
            className="customization__form_text"
            onChange={[Function]}
            type="text"
            value=""
          />
        </div>
      </div>
      <div
        className="customization__form_item link"
      >
        <h2
          className="customization__form_label"
        >
          Enter link to your site
        </h2>
        <div
          className="customization__form_inputs"
        >
          <input
            className="customization__form_text"
            onChange={[Function]}
            type="text"
            value=""
          />
        </div>
      </div>
      <button
        className="reset_btn"
        onClick={[Function]}
      >
        reset
      </button>
    </form>
  </div>
</section>
`;
